[2025-01-14 20:00:17] F (PID: 16841) wrote this message
[2025-01-14 20:00:17] C1 (PID: 16842) wrote this message
[2025-01-14 20:00:17] C2 (PID: 16843) wrote this message
[2025-01-14 20:00:17] C3 (PID: 16844) wrote this message
[2025-01-14 20:00:17] C4 (PID: 16845) wrote this message
[2025-01-14 20:00:17] C5 (PID: 16846) wrote this message
[2025-01-14 20:00:17] C6 (PID: 16847) wrote this message
[2025-01-14 20:00:17] C7 (PID: 16848) wrote this message
[2025-01-14 20:00:17] C8 (PID: 16849) wrote this message
[2025-01-14 20:00:17] C9 (PID: 16850) wrote this message
[2025-01-14 20:00:17] C10 (PID: 16851) wrote this message
[2025-01-14 20:00:17] C11 (PID: 16852) wrote this message
[2025-01-14 20:00:17] C12 (PID: 16853) wrote this message
[2025-01-14 20:00:17] C13 (PID: 16854) wrote this message
[2025-01-14 20:00:17] C14 (PID: 16855) wrote this message
[2025-01-14 20:00:17] C15 (PID: 16856) wrote this message
[2025-01-14 20:00:17] C16 (PID: 16857) wrote this message
[2025-01-14 20:00:17] C17 (PID: 16858) wrote this message
[2025-01-14 20:00:17] C18 (PID: 16859) wrote this message
[2025-01-14 20:00:17] C19 (PID: 16860) wrote this message
[2025-01-14 20:00:17] C20 (PID: 16861) wrote this message
[2025-01-14 20:00:17] C21 (PID: 16862) wrote this message
[2025-01-14 20:00:17] C22 (PID: 16863) wrote this message
[2025-01-14 20:00:17] C23 (PID: 16864) wrote this message
[2025-01-14 20:00:17] C24 (PID: 16865) wrote this message
[2025-01-14 20:00:17] C25 (PID: 16866) wrote this message
[2025-01-14 20:00:17] C26 (PID: 16867) wrote this message
[2025-01-14 20:00:17] C27 (PID: 16868) wrote this message
[2025-01-14 20:00:17] C28 (PID: 16869) wrote this message
[2025-01-14 20:00:17] C29 (PID: 16870) wrote this message
[2025-01-14 20:00:17] C30 (PID: 16871) wrote this message
[2025-01-14 20:00:17] C31 (PID: 16872) wrote this message
[2025-01-14 20:00:17] C32 (PID: 16873) wrote this message
[2025-01-14 20:00:17] C33 (PID: 16874) wrote this message
[2025-01-14 20:00:17] C34 (PID: 16875) wrote this message
[2025-01-14 20:00:17] C35 (PID: 16876) wrote this message
[2025-01-14 20:00:17] C36 (PID: 16877) wrote this message
[2025-01-14 20:00:17] C37 (PID: 16878) wrote this message
[2025-01-14 20:00:17] C38 (PID: 16879) wrote this message
[2025-01-14 20:00:17] C39 (PID: 16880) wrote this message
[2025-01-14 20:00:17] C40 (PID: 16881) wrote this message
[2025-01-14 20:00:17] C41 (PID: 16882) wrote this message
[2025-01-14 20:00:17] C42 (PID: 16883) wrote this message
[2025-01-14 20:00:17] C43 (PID: 16884) wrote this message
[2025-01-14 20:00:17] C44 (PID: 16885) wrote this message
[2025-01-14 20:00:17] C45 (PID: 16886) wrote this message
[2025-01-14 20:00:17] C46 (PID: 16887) wrote this message
[2025-01-14 20:00:17] C47 (PID: 16888) wrote this message
[2025-01-14 20:00:17] C48 (PID: 16889) wrote this message
[2025-01-14 20:00:17] C49 (PID: 16890) wrote this message
[2025-01-14 20:00:17] C50 (PID: 16891) wrote this message
[2025-01-14 20:00:17] C51 (PID: 16892) wrote this message
[2025-01-14 20:00:17] C52 (PID: 16893) wrote this message
[2025-01-14 20:00:17] C53 (PID: 16894) wrote this message
[2025-01-14 20:00:17] C54 (PID: 16895) wrote this message
[2025-01-14 20:00:17] C55 (PID: 16896) wrote this message
[2025-01-14 20:00:17] C56 (PID: 16897) wrote this message
[2025-01-14 20:00:17] C57 (PID: 16898) wrote this message
[2025-01-14 20:00:17] C58 (PID: 16899) wrote this message
[2025-01-14 20:00:17] C59 (PID: 16900) wrote this message
[2025-01-14 20:00:17] C60 (PID: 16901) wrote this message
[2025-01-14 20:00:17] C61 (PID: 16902) wrote this message
[2025-01-14 20:00:17] C62 (PID: 16903) wrote this message
[2025-01-14 20:00:17] C63 (PID: 16904) wrote this message
[2025-01-14 20:00:17] C64 (PID: 16905) wrote this message
[2025-01-14 20:00:17] C65 (PID: 16906) wrote this message
[2025-01-14 20:00:17] C66 (PID: 16907) wrote this message
[2025-01-14 20:00:17] C67 (PID: 16908) wrote this message
[2025-01-14 20:00:17] C68 (PID: 16909) wrote this message
[2025-01-14 20:00:17] C69 (PID: 16910) wrote this message
[2025-01-14 20:00:17] C70 (PID: 16911) wrote this message
[2025-01-14 20:00:17] C71 (PID: 16912) wrote this message
[2025-01-14 20:00:17] C72 (PID: 16913) wrote this message
[2025-01-14 20:00:17] C73 (PID: 16914) wrote this message
[2025-01-14 20:00:17] C74 (PID: 16915) wrote this message
[2025-01-14 20:00:17] C75 (PID: 16916) wrote this message
[2025-01-14 20:00:17] C76 (PID: 16917) wrote this message
[2025-01-14 20:00:17] C77 (PID: 16918) wrote this message
[2025-01-14 20:00:17] C78 (PID: 16919) wrote this message
[2025-01-14 20:00:17] C79 (PID: 16920) wrote this message
[2025-01-14 20:00:17] C80 (PID: 16921) wrote this message
[2025-01-14 20:00:17] C81 (PID: 16922) wrote this message
[2025-01-14 20:00:17] C82 (PID: 16923) wrote this message
[2025-01-14 20:00:17] C83 (PID: 16924) wrote this message
[2025-01-14 20:00:17] C84 (PID: 16925) wrote this message
[2025-01-14 20:00:17] C85 (PID: 16926) wrote this message
[2025-01-14 20:00:17] C86 (PID: 16927) wrote this message
[2025-01-14 20:00:17] C87 (PID: 16928) wrote this message
[2025-01-14 20:00:17] C88 (PID: 16929) wrote this message
[2025-01-14 20:00:17] C89 (PID: 16930) wrote this message
[2025-01-14 20:00:17] C90 (PID: 16931) wrote this message
[2025-01-14 20:00:17] C91 (PID: 16932) wrote this message
[2025-01-14 20:00:17] C92 (PID: 16933) wrote this message
[2025-01-14 20:00:17] C93 (PID: 16934) wrote this message
[2025-01-14 20:00:17] C94 (PID: 16935) wrote this message
[2025-01-14 20:00:17] C95 (PID: 16936) wrote this message
[2025-01-14 20:00:17] C96 (PID: 16937) wrote this message
[2025-01-14 20:00:17] C97 (PID: 16938) wrote this message
[2025-01-14 20:00:17] C98 (PID: 16939) wrote this message
[2025-01-14 20:00:17] C99 (PID: 16940) wrote this message
[2025-01-14 20:00:17] C100 (PID: 16941) wrote this message
